    Checking glyim-typeck v0.1.0 (/Users/adm/Documents/Repos/glyim-v2/crates/glyim-typeck)
    Checking glyim-codegen-llvm v0.1.0 (/Users/adm/Documents/Repos/glyim-v2/crates/glyim-codegen-llvm)
    Checking glyim-runtime v0.1.0 (/Users/adm/Documents/Repos/glyim-v2/crates/glyim-runtime)
warning: unused import: `std::str::FromStr`
 --> crates/glyim-lsp/src/rename.rs:4:5
  |
4 | use std::str::FromStr;
  |     ^^^^^^^^^^^^^^^^^
  |
  = note: `#[warn(unused_imports)]` (part of `#[warn(unused)]`) on by default

    Checking glyim-meta v0.1.0 (/Users/adm/Documents/Repos/glyim-v2/crates/glyim-meta)
warning: `glyim-lsp` (lib) generated 1 warning
error: expected item after doc comment
   --> crates/glyim-typeck/src/check_pat.rs:219:5
    |
 17 |   impl<'a> FnCtxt<'a> {
    |                       - while parsing this item list starting here
...
213 | /     /// Check struct pattern: field exhaustiveness, duplicate fields, and missing fields.
214 | |     /// Returns true if the pattern is valid, false with diagnostics added.
...   |
217 | |     /// Validate range pattern bounds: start <= end and type compatibility.
    | |___________________________________________________________________________- other attributes here
218 |
219 |       /// Validate range pattern bounds: start <= end and type compatibility.
    |       ^^^^^^^^^^^^^^^^^^^^^^^^^^^^^^^^^^^^^^^^^^^^^^^^^^^^^^^^^^^^^^^^^^^^^^^ this doc comment doesn't document anything
...
223 |   }
    |   - the item list ends here

warning: unused import: `crate::thir::Pattern`
  --> crates/glyim-typeck/src/check_pat.rs:13:5
   |
13 | use crate::thir::Pattern;
   |     ^^^^^^^^^^^^^^^^^^^^
   |
   = note: `#[warn(unused_imports)]` (part of `#[warn(unused)]`) on by default

warning: unused import: `glyim_core::interner::Name`
  --> crates/glyim-typeck/src/check_pat.rs:14:5
   |
14 | use glyim_core::interner::Name;
   |     ^^^^^^^^^^^^^^^^^^^^^^^^^^

warning: unused import: `glyim_hir::Literal`
  --> crates/glyim-typeck/src/check_pat.rs:15:5
   |
15 | use glyim_hir::Literal;
   |     ^^^^^^^^^^^^^^^^^^

warning: `glyim-typeck` (lib) generated 3 warnings
error: could not compile `glyim-typeck` (lib) due to 1 previous error; 3 warnings emitted
warning: build failed, waiting for other jobs to finish...
