---
source: crates/glyim-test/src/snapshot/mod.rs
expression: tree
---
SourceFile@0..73
  MacroDef@0..73
    KwMacroRules@0..11 "macro_rules"
    Bang@11..12 "!"
    Ident@12..15 "vec"
    LBrace@15..16 "{"
    MacroArm@16..71
      TokenTree@16..30
        LParen@16..17 "("
        TokenTree@17..18
          Dollar@17..18 "$"
        TokenTree@18..27
          LParen@18..19 "("
          TokenTree@19..20
            Dollar@19..20 "$"
          TokenTree@20..21
            Ident@20..21 "x"
          TokenTree@21..22
            Colon@21..22 ":"
          TokenTree@22..26
            Ident@22..26 "expr"
          RParen@26..27 ")"
        Comma@27..28 ","
        TokenTree@28..29
          Star@28..29 "*"
        RParen@29..30 ")"
      FatArrow@30..32 "=>"
      TokenTree@32..71
        LBrace@32..33 "{"
        TokenTree@33..70
          LBrace@33..34 "{"
          TokenTree@34..37
            KwLet@34..37 "let"
          TokenTree@37..40
            KwMut@37..40 "mut"
          TokenTree@40..41
            Ident@40..41 "v"
          TokenTree@41..42
            Eq@41..42 "="
          TokenTree@42..45
            Ident@42..45 "Vec"
          TokenTree@45..47
            ColonColon@45..47 "::"
          TokenTree@47..50
            Ident@47..50 "new"
          TokenTree@50..52
            LParen@50..51 "("
            RParen@51..52 ")"
          TokenTree@52..53
            Semicolon@52..53 ";"
          TokenTree@53..54
            Dollar@53..54 "$"
          TokenTree@54..67
            LParen@54..55 "("
            TokenTree@55..56
              Ident@55..56 "v"
            TokenTree@56..57
              Dot@56..57 "."
            TokenTree@57..61
              Ident@57..61 "push"
            TokenTree@61..65
              LParen@61..62 "("
              TokenTree@62..63
                Dollar@62..63 "$"
              TokenTree@63..64
                Ident@63..64 "x"
              RParen@64..65 ")"
            TokenTree@65..66
              Semicolon@65..66 ";"
            RParen@66..67 ")"
          TokenTree@67..68
            Star@67..68 "*"
          TokenTree@68..69
            Ident@68..69 "v"
          RBrace@69..70 "}"
        RBrace@70..71 "}"
    Semicolon@71..72 ";"
    RBrace@72..73 "}"
