---
source: crates/glyim-test/src/snapshot/mod.rs
assertion_line: 16
expression: tree
---
SourceFile@0..163
  FnDef@0..163
    KwFn@0..2 "fn"
    Ident@2..16 "sum_of_squares"
    LParen@16..17 "("
    ParamList@17..30
      Param@17..30
        Ident@17..23 "values"
        Colon@23..24 ":"
        RefType@24..30
          And@24..25 "&"
          ArrayType@25..30
            LBracket@25..26 "["
            PathType@26..29
              UsePath@26..29
                Ident@26..29 "i32"
            RBracket@29..30 "]"
    RParen@30..31 ")"
    Arrow@31..33 "->"
    PathType@33..36
      UsePath@33..36
        Ident@33..36 "i32"
    Block@36..163
      LBrace@36..37 "{"
      ExprStmt@37..163
        PathExpr@37..48
          UsePath@37..48
            Ident@37..43 "values"
            Dot@43..44 "."
            Ident@44..48 "iter"
        LParen@48..49 "("
        RParen@49..50 ")"
        Dot@50..51 "."
        Ident@51..54 "map"
        LParen@54..55 "("
        ClosureExpr@55..163
          Or@55..56 "|"
          And@56..57 "&"
          PatIdent@57..58
            Ident@57..58 "x"
          Or@58..59 "|"
          PatIdent@59..60
            Ident@59..60 "x"
          Star@60..61 "*"
          PatIdent@61..62
            Ident@61..62 "x"
          RParen@62..63 ")"
          Dot@63..64 "."
          UsePath@64..67
            Ident@64..67 "sum"
          PatTuple@67..69
            LParen@67..68 "("
            RParen@68..69 ")"
          RBrace@69..70 "}"
          KwFn@70..72 "fn"
          UsePath@72..90
            Ident@72..90 "filter_and_collect"
          PatTuple@90..107
            LParen@90..91 "("
            PatIdent@91..97
              Ident@91..97 "values"
            Colon@97..98 ":"
            PatIdent@98..101
              Ident@98..101 "Vec"
            Lt@101..102 "<"
            PatIdent@102..105
              Ident@102..105 "i32"
            Gt@105..106 ">"
            RParen@106..107 ")"
          Arrow@107..109 "->"
          PatIdent@109..112
            Ident@109..112 "Vec"
          Lt@112..113 "<"
          PatIdent@113..116
            Ident@113..116 "i32"
          Gt@116..117 ">"
          LBrace@117..118 "{"
          PatIdent@118..124
            Ident@118..124 "values"
          Dot@124..125 "."
          UsePath@125..134
            Ident@125..134 "into_iter"
          PatTuple@134..136
            LParen@134..135 "("
            RParen@135..136 ")"
          Dot@136..137 "."
          UsePath@137..143
            Ident@137..143 "filter"
          PatTuple@143..152
            LParen@143..144 "("
            Or@144..145 "|"
            And@145..146 "&"
            PatIdent@146..147
              Ident@146..147 "x"
            Or@147..148 "|"
            PatIdent@148..149
              Ident@148..149 "x"
            Gt@149..150 ">"
            PatLit@150..151
              IntLit@150..151 "0"
            RParen@151..152 ")"
          Dot@152..153 "."
          UsePath@153..160
            Ident@153..160 "collect"
          PatTuple@160..162
            LParen@160..161 "("
            RParen@161..162 ")"
          RBrace@162..163 "}"
