---
source: crates/glyim-test/src/snapshot/mod.rs
assertion_line: 16
expression: tree
---
SourceFile@0..19
  Visibility@0..10
    KwPub@0..3 "pub"
    LParen@3..4 "("
    VisCrate@4..9
      KwCrate@4..9 "crate"
    RParen@9..10 ")"
  FnDef@10..19
    KwFn@10..12 "fn"
    Ident@12..15 "foo"
    LParen@15..16 "("
    ParamList@16..16
    RParen@16..17 ")"
    Block@17..19
      LBrace@17..18 "{"
      RBrace@18..19 "}"
