---
source: crates/glyim-test/src/snapshot/mod.rs
assertion_line: 16
expression: tree
---
SourceFile@0..192
  FnDef@0..192
    KwFn@0..2 "fn"
    Ident@2..6 "eval"
    LParen@6..7 "("
    ParamList@7..16
      Param@7..16
        Ident@7..11 "expr"
        Colon@11..12 ":"
        PathType@12..16
          UsePath@12..16
            Ident@12..16 "Expr"
    RParen@16..17 ")"
    Arrow@17..19 "->"
    PathType@19..22
      UsePath@19..22
        Ident@19..22 "i32"
    Block@22..192
      LBrace@22..23 "{"
      ExprStmt@23..191
        MatchExpr@23..191
          KwMatch@23..28 "match"
          PathExpr@28..32
            UsePath@28..32
              Ident@28..32 "expr"
          LBrace@32..33 "{"
          MatchArmList@33..190
            MatchArm@33..49
              UsePath@33..42
                Ident@33..37 "Expr"
                ColonColon@37..39 "::"
                Ident@39..42 "Lit"
              PatTuple@42..45
                LParen@42..43 "("
                PatIdent@43..44
                  Ident@43..44 "n"
                RParen@44..45 ")"
              FatArrow@45..47 "=>"
              PathExpr@47..48
                UsePath@47..48
                  Ident@47..48 "n"
              Comma@48..49 ","
            MatchArm@49..83
              UsePath@49..58
                Ident@49..53 "Expr"
                ColonColon@53..55 "::"
                Ident@55..58 "Add"
              PatTuple@58..63
                LParen@58..59 "("
                PatIdent@59..60
                  Ident@59..60 "a"
                Comma@60..61 ","
                PatIdent@61..62
                  Ident@61..62 "b"
                RParen@62..63 ")"
              FatArrow@63..65 "=>"
              BinaryExpr@65..82
                CallExpr@65..73
                  PathExpr@65..69
                    UsePath@65..69
                      Ident@65..69 "eval"
                  LParen@69..70 "("
                  UnaryExpr@70..72
                    Star@70..71 "*"
                    PathExpr@71..72
                      UsePath@71..72
                        Ident@71..72 "a"
                  RParen@72..73 ")"
                Plus@73..74 "+"
                CallExpr@74..82
                  PathExpr@74..78
                    UsePath@74..78
                      Ident@74..78 "eval"
                  LParen@78..79 "("
                  UnaryExpr@79..81
                    Star@79..80 "*"
                    PathExpr@80..81
                      UsePath@80..81
                        Ident@80..81 "b"
                  RParen@81..82 ")"
              Comma@82..83 ","
            MatchArm@83..136
              UsePath@83..92
                Ident@83..87 "Expr"
                ColonColon@87..89 "::"
                Ident@89..92 "Sub"
              PatTuple@92..97
                LParen@92..93 "("
                PatIdent@93..94
                  Ident@93..94 "a"
                Comma@94..95 ","
                PatIdent@95..96
                  Ident@95..96 "b"
                RParen@96..97 ")"
              KwIf@97..99 "if"
              BinaryExpr@99..116
                CallExpr@99..107
                  PathExpr@99..103
                    UsePath@99..103
                      Ident@99..103 "eval"
                  LParen@103..104 "("
                  UnaryExpr@104..106
                    Star@104..105 "*"
                    PathExpr@105..106
                      UsePath@105..106
                        Ident@105..106 "a"
                  RParen@106..107 ")"
                Gt@107..108 ">"
                CallExpr@108..116
                  PathExpr@108..112
                    UsePath@108..112
                      Ident@108..112 "eval"
                  LParen@112..113 "("
                  UnaryExpr@113..115
                    Star@113..114 "*"
                    PathExpr@114..115
                      UsePath@114..115
                        Ident@114..115 "b"
                  RParen@115..116 ")"
              FatArrow@116..118 "=>"
              BinaryExpr@118..135
                CallExpr@118..126
                  PathExpr@118..122
                    UsePath@118..122
                      Ident@118..122 "eval"
                  LParen@122..123 "("
                  UnaryExpr@123..125
                    Star@123..124 "*"
                    PathExpr@124..125
                      UsePath@124..125
                        Ident@124..125 "a"
                  RParen@125..126 ")"
                Minus@126..127 "-"
                CallExpr@127..135
                  PathExpr@127..131
                    UsePath@127..131
                      Ident@127..131 "eval"
                  LParen@131..132 "("
                  UnaryExpr@132..134
                    Star@132..133 "*"
                    PathExpr@133..134
                      UsePath@133..134
                        Ident@133..134 "b"
                  RParen@134..135 ")"
              Comma@135..136 ","
            MatchArm@136..185
              UsePath@136..145
                Ident@136..140 "Expr"
                ColonColon@140..142 "::"
                Ident@142..145 "Mul"
              PatTuple@145..150
                LParen@145..146 "("
                PatIdent@146..147
                  Ident@146..147 "a"
                Comma@147..148 ","
                PatIdent@148..149
                  Ident@148..149 "b"
                RParen@149..150 ")"
              FatArrow@150..152 "=>"
              Block@152..185
                LBrace@152..153 "{"
                LetStmt@153..167
                  KwLet@153..156 "let"
                  PatIdent@156..157
                    Ident@156..157 "x"
                  Eq@157..158 "="
                  CallExpr@158..166
                    PathExpr@158..162
                      UsePath@158..162
                        Ident@158..162 "eval"
                    LParen@162..163 "("
                    UnaryExpr@163..165
                      Star@163..164 "*"
                      PathExpr@164..165
                        UsePath@164..165
                          Ident@164..165 "a"
                    RParen@165..166 ")"
                  Semicolon@166..167 ";"
                LetStmt@167..181
                  KwLet@167..170 "let"
                  PatIdent@170..171
                    Ident@170..171 "y"
                  Eq@171..172 "="
                  CallExpr@172..180
                    PathExpr@172..176
                      UsePath@172..176
                        Ident@172..176 "eval"
                    LParen@176..177 "("
                    UnaryExpr@177..179
                      Star@177..178 "*"
                      PathExpr@178..179
                        UsePath@178..179
                          Ident@178..179 "b"
                    RParen@179..180 ")"
                  Semicolon@180..181 ";"
                ExprStmt@181..184
                  BinaryExpr@181..184
                    PathExpr@181..182
                      UsePath@181..182
                        Ident@181..182 "x"
                    Star@182..183 "*"
                    PathExpr@183..184
                      UsePath@183..184
                        Ident@183..184 "y"
                RBrace@184..185 "}"
            MatchArm@185..190
              PatWild@185..186
                Underscore@185..186 "_"
              FatArrow@186..188 "=>"
              LitExpr@188..189
                IntLit@188..189 "0"
              Comma@189..190 ","
          RBrace@190..191 "}"
      RBrace@191..192 "}"
