---
source: crates/glyim-test/src/snapshot/mod.rs
assertion_line: 16
expression: tree
---
SourceFile@0..175
  Visibility@0..3
    KwPub@0..3 "pub"
  StructDef@3..27
    KwStruct@3..9 "struct"
    Ident@9..14 "Point"
    TypeParamList@14..17
      Lt@14..15 "<"
      TypeParam@15..16
        Ident@15..16 "T"
      Gt@16..17 ">"
    LBrace@17..18 "{"
    Ident@18..19 "x"
    Colon@19..20 ":"
    PathType@20..21
      UsePath@20..21
        Ident@20..21 "T"
    Comma@21..22 ","
    Ident@22..23 "y"
    Colon@23..24 ":"
    PathType@24..25
      UsePath@24..25
        Ident@24..25 "T"
    Comma@25..26 ","
    RBrace@26..27 "}"
  ImplDef@27..110
    KwImpl@27..31 "impl"
    TypeParamList@31..40
      Lt@31..32 "<"
      TypeParam@32..39
        Ident@32..33 "T"
        Colon@33..34 ":"
        PathType@34..39
          UsePath@34..39
            Ident@34..39 "Clone"
      Gt@39..40 ">"
    PathType@40..48
      UsePath@40..45
        Ident@40..45 "Point"
      Lt@45..46 "<"
      PathType@46..47
        UsePath@46..47
          Ident@46..47 "T"
      Gt@47..48 ">"
    LBrace@48..49 "{"
    KwPub@49..52 "pub"
    FnDef@52..86
      KwFn@52..54 "fn"
      Ident@54..57 "new"
      LParen@57..58 "("
      ParamList@58..65
        Param@58..61
          Ident@58..59 "x"
          Colon@59..60 ":"
          PathType@60..61
            UsePath@60..61
              Ident@60..61 "T"
        Comma@61..62 ","
        Param@62..65
          Ident@62..63 "y"
          Colon@63..64 ":"
          PathType@64..65
            UsePath@64..65
              Ident@64..65 "T"
      RParen@65..66 ")"
      Arrow@66..68 "->"
      PathType@68..72
        UsePath@68..72
          Ident@68..72 "Self"
      Block@72..86
        LBrace@72..73 "{"
        ExprStmt@73..85
          StructExpr@73..85
            PathExpr@73..78
              UsePath@73..78
                Ident@73..78 "Point"
            LBrace@78..79 "{"
            StructField@79..81
              Ident@79..80 "x"
              PathExpr@80..81
                UsePath@80..81
                  Ident@80..81 "x"
            Comma@81..82 ","
            StructField@82..84
              Ident@82..83 "y"
              PathExpr@83..84
                UsePath@83..84
                  Ident@83..84 "y"
            RBrace@84..85 "}"
        RBrace@85..86 "}"
    FnDef@86..109
      KwFn@86..88 "fn"
      Ident@88..92 "dist"
      LParen@92..93 "("
      ParamList@93..98
        Param@93..98
          And@93..94 "&"
          KwSelf@94..98 "self"
      RParen@98..99 ")"
      Arrow@99..101 "->"
      PathType@101..104
        UsePath@101..104
          Ident@101..104 "f64"
      Block@104..109
        LBrace@104..105 "{"
        ExprStmt@105..108
          LitExpr@105..108
            FloatLit@105..108 "0.0"
        RBrace@108..109 "}"
    RBrace@109..110 "}"
  FnDef@110..175
    KwFn@110..112 "fn"
    Ident@112..116 "main"
    LParen@116..117 "("
    ParamList@117..117
    RParen@117..118 ")"
    Block@118..175
      LBrace@118..119 "{"
      LetStmt@119..144
        KwLet@119..122 "let"
        PatIdent@122..123
          Ident@122..123 "p"
        Eq@123..124 "="
        CallExpr@124..143
          PathExpr@124..134
            UsePath@124..134
              Ident@124..129 "Point"
              ColonColon@129..131 "::"
              Ident@131..134 "new"
          LParen@134..135 "("
          LitExpr@135..138
            FloatLit@135..138 "1.0"
          Comma@138..139 ","
          LitExpr@139..142
            FloatLit@139..142 "2.0"
          RParen@142..143 ")"
        Semicolon@143..144 ";"
      LetStmt@144..158
        KwLet@144..147 "let"
        PatIdent@147..148
          Ident@147..148 "d"
        Eq@148..149 "="
        MethodCallExpr@149..157
          PathExpr@149..150
            UsePath@149..150
              Ident@149..150 "p"
          Dot@150..151 "."
          Ident@151..155 "dist"
          LParen@155..156 "("
          RParen@156..157 ")"
        Semicolon@157..158 ";"
      ExprStmt@158..174
        IfExpr@158..174
          KwIf@158..160 "if"
          BinaryExpr@160..165
            PathExpr@160..161
              UsePath@160..161
                Ident@160..161 "d"
            Gt@161..162 ">"
            LitExpr@162..165
              FloatLit@162..165 "0.0"
          Block@165..174
            LBrace@165..166 "{"
            ExprStmt@166..173
              ReturnExpr@166..172
                KwReturn@166..172 "return"
              Semicolon@172..173 ";"
            RBrace@173..174 "}"
      RBrace@174..175 "}"
